// Jest Snapshot v1, https://goo.gl/fbAQLP

exports[`App render 1`] = `
<div>
  <p>
    Current count: 
    0
  </p>
  <button
    onClick={[Function]}
    type="button"
  >
    Add one
  </button>
</div>
`;
